// Jest Snapshot v1, https://goo.gl/fbAQLP

exports[`renders correctly 1`] = `
<div>
  <button
    class="btn-main"
  >
    Teste Vercel
  </button>
</div>
`;
